
=== Backend API Tests ===

--- Public Endpoints ---
Ô£à GET /stats (200): {"totalTrees":6,"totalUsers":5,"totalEvents":3,"upcomingEvents":1,"recentTrees":[{"location":{"coordinates":[79.86,6.96],"address":"Rock House Lane, S...
Ô£à GET /trees (200): {"trees":[{"location":{"coordinates":[79.86,6.96],"address":"Rock House Lane, Seram Gate, Lunupokuna, Lunupokurana, Colombo, Colombo District, Western...
Ô£à GET /events (200): {"events":[{"location":{"address":"Biyagama Export Processing Zone","coordinates":[80.03,7.1]},"_id":"696f660c2e4ab7c02d4e5088","title":"World Environ...
Ô£à GET /gallery (200): {"items":[{"_id":"696f660d2e4ab7c02d4e508d","title":"Young Saplings Growing Strong","description":"Our mango trees are thriving after 3 months!","imag...

--- Auth Endpoints (unauthenticated) ---
ÔØî GET /auth/me (unauthenticated) (401): {"message":"Not authenticated"}...

--- Contact Endpoint ---
Ô£à POST /contact (201): {"message":"Message sent successfully","contact":{"name":"Test User","email":"test@test.com","subject":"Test Subject","message":"Test Message","status...

--- Admin Endpoints (should fail without auth) ---
ÔØî GET /admin/users (unauthenticated) (401): {"message":"Not authenticated"}...
ÔØî GET /admin/summary (unauthenticated) (401): {"message":"Not authenticated"}...

--- Single Resource Tests ---
Ô£à GET /trees (200): {"trees":[{"location":{"coordinates":[79.86,6.96],"address":"Rock House Lane, Seram Gate, Lunupokuna, Lunupokurana, Colombo, Colombo District, Western...
Ô£à GET /trees/6973c2e3edf9a029173f6260 (200): {"tree":{"location":{"coordinates":[79.86,6.96],"address":"Rock House Lane, Seram Gate, Lunupokuna, Lunupokurana, Colombo, Colombo District, Western P...

=== Test Summary ===
All public endpoints working correctly!
Auth-protected endpoints correctly returning 401.
