server/routes.ts(5,8): error TS1259: Module '"C:/Users/Pentiumcity/Downloads/Project-Gampahin/Project-Gampahin/node_modules/bcryptjs/umd/index"' can only be default-imported using the 'esModuleInterop' flag
server/routes.ts(6,8): error TS1259: Module '"C:/Users/Pentiumcity/Downloads/Project-Gampahin/Project-Gampahin/node_modules/@types/express-session/index"' can only be default-imported using the 'esModuleInterop' flag
